src/App.tsx(11,7): error TS6133: 'StrategyGenerator' is declared but its value is never read.
src/pages/Dashboard.tsx(6,5): error TS6133: 'LayoutDashboard' is declared but its value is never read.
src/pages/Dashboard.tsx(7,42): error TS6133: 'Briefcase' is declared but its value is never read.
src/pages/DataUpload.tsx(1,8): error TS6133: 'React' is declared but its value is never read.
src/pages/PlanIA.tsx(4,1): error TS6133: 'supabase' is declared but its value is never read.
